
> hidden-hubble@0.1.0 build
> next build

   Ôû▓ Next.js 16.0.10 (Turbopack)
   - Environments: .env.local, .env

   Creating an optimized production build ...
 Ô£ô Compiled successfully in 4.7s
   Running TypeScript ...
node.exe : Failed to compile.
At line:1 char:1
+ & "C:\Program 
Files\nodejs/node.exe" 
"C:\Program Files\nodejs/node_mo 
...
+ ~~~~~~~~~~~~~~~~~~~~~~~~~~~~~~~~
~~~~~~~~~~~~~~~~~~~~~~~~~~~~~~~~~~
~~~
    + CategoryInfo          : Not 
   Specified: (Failed to compile  
  .:String) [], RemoteException
    + FullyQualifiedErrorId : Nat 
   iveCommandError
 

./prisma.config.ts:4:35
Type error: Cannot find module 
'prisma/config' or its 
corresponding type declarations.

[0m [90m 2 |[39m [90m// npm 
install --save-dev prisma 
dotenv[39m
 [90m 3 |[39m [36mimport[39m 
[32m"dotenv/config"[39m[33m;[39
m
[31m[1m>[22m[39m[90m 4 
|[39m [36mimport[39m { 
defineConfig[33m,[39m env } 
[36mfrom[39m [32m"prisma/config
"[39m[33m;[39m
 [90m   |[39m                   
                
[31m[1m^[22m[39m
 [90m 5 |[39m
 [90m 6 |[39m [36mexport[39m 
[36mdefault[39m defineConfig({
 [90m 7 |[39m   
schema[33m:[39m [32m"prisma/sch
ema.prisma"[39m[33m,[39m[0m
Next.js build worker exited with 
code: 1 and signal: null
